0 {b: ^2 | {c: ^1}};
1 {a: ^1 | {c: ^1}};
2 {a: ^1 | {b: ^2 | {c: ^1}}};
3 {b: ^2 | {a: ^1 | {c: ^1}}};
4 forall {a b} {b: a, a: b, c: b};
