0 ^3;
1 forall {a} {^1 ^3} => ^3 -> a;
2 {^1 ^3} => ^3 -> ^2;
